// Jest Snapshot v1, https://goo.gl/fbAQLP

exports[`Set HttpClient httpClient methods snapshot 1`] = `
Object {
  "fetchData": Any<Function>,
}
`;
